// Jest Snapshot v1, https://goo.gl/fbAQLP

exports[`ConfirmedContent renders correctly 1`] = `
<View
  style={
    {
      "gap": 16,
    }
  }
>
  <View
    style={
      {
        "flexDirection": "row",
        "maxWidth": 170,
      }
    }
  >
    <View
      style={
        {
          "alignItems": "center",
          "backgroundColor": "#1d2133",
          "borderBottomColor": undefined,
          "borderBottomEndRadius": undefined,
          "borderBottomStartRadius": undefined,
          "borderBottomWidth": 0,
          "borderRadius": 7,
          "borderTopEndRadius": undefined,
          "borderTopStartRadius": undefined,
          "flexDirection": "row",
          "height": 48,
          "justifyContent": "space-between",
          "paddingHorizontal": 18,
          "paddingVertical": 9,
          "width": "100%",
        }
      }
    >
      <Text
        style={
          {
            "color": "#FFF",
            "fontSize": 15,
          }
        }
      />
      <View
        style={
          {
            "alignItems": "center",
          }
        }
      >
        <Text
          style={
            {
              "color": "#FFF",
              "fontSize": 15,
            }
          }
        >
          confirmed
        </Text>
      </View>
    </View>
  </View>
  <View>
    <View
      style={
        {
          "alignItems": "center",
          "backgroundColor": "#1d2133",
          "borderBottomColor": "#D9D9D9",
          "borderBottomEndRadius": 0,
          "borderBottomStartRadius": 0,
          "borderBottomWidth": 0.1,
          "borderRadius": 7,
          "borderTopEndRadius": undefined,
          "borderTopStartRadius": undefined,
          "flexDirection": "row",
          "height": 48,
          "justifyContent": "space-between",
          "paddingHorizontal": 18,
          "paddingVertical": 9,
          "width": "100%",
        }
      }
    >
      <Text
        style={
          {
            "color": "#FFF",
            "fontSize": 15,
          }
        }
      >
        date_time
      </Text>
      <View
        style={
          {
            "alignItems": "center",
          }
        }
      >
        <Text
          style={
            {
              "color": "#DF7800",
              "fontSize": 15,
            }
          }
        >
          31/12/1969 21:3
        </Text>
      </View>
    </View>
    <View
      style={
        {
          "alignItems": "center",
          "backgroundColor": "#1d2133",
          "borderBottomColor": "#D9D9D9",
          "borderBottomEndRadius": 0,
          "borderBottomStartRadius": 0,
          "borderBottomWidth": 0.1,
          "borderRadius": 7,
          "borderTopEndRadius": 0,
          "borderTopStartRadius": 0,
          "flexDirection": "row",
          "height": 48,
          "justifyContent": "space-between",
          "paddingHorizontal": 18,
          "paddingVertical": 9,
          "width": "100%",
        }
      }
    >
      <Text
        style={
          {
            "color": "#FFF",
            "fontSize": 15,
          }
        }
      >
        size
      </Text>
      <View
        style={
          {
            "alignItems": "center",
          }
        }
      >
        <Text
          style={
            {
              "color": "#DF7800",
              "fontSize": 15,
            }
          }
        >
          0 B
        </Text>
      </View>
    </View>
    <View
      style={
        {
          "alignItems": "center",
          "backgroundColor": "#1d2133",
          "borderBottomColor": undefined,
          "borderBottomEndRadius": undefined,
          "borderBottomStartRadius": undefined,
          "borderBottomWidth": 0,
          "borderRadius": 7,
          "borderTopEndRadius": 0,
          "borderTopStartRadius": 0,
          "flexDirection": "row",
          "height": 48,
          "justifyContent": "space-between",
          "paddingHorizontal": 18,
          "paddingVertical": 9,
          "width": "100%",
        }
      }
    >
      <Text
        style={
          {
            "color": "#FFF",
            "fontSize": 15,
          }
        }
      >
        fee
      </Text>
      <View
        style={
          {
            "alignItems": "center",
          }
        }
      >
        <Text
          style={
            {
              "color": "#DF7800",
              "fontSize": 15,
            }
          }
        >
          0 BTC
        </Text>
        <Text
          style={
            {
              "color": "#FFF",
              "fontSize": 14,
            }
          }
        >
          $ 0,00
        </Text>
      </View>
    </View>
  </View>
</View>
`;
